Zadejte cislo pro vypocet faktorialu
Faktorial nelze spocitat
Zadejte cislo pro vypocet faktorialu
Chyba pri nacitani celeho cisla!
Zadejte cislo pro vypocet faktorialu
Chyba pri nacitani celeho cisla!
Zadejte cislo pro vypocet faktorialu
Vysledek je: 0x1.ep+6
